../Core/Src/main.c:162:5:main	8	static
../Core/Src/main.c:239:6:SystemClock_Config	88	static
../Core/Src/main.c:296:6:PeriphCommonClock_Config	144	static
../Core/Src/main.c:324:13:MX_ADC3_Init	24	static
../Core/Src/main.c:376:13:MX_CRC_Init	8	static
../Core/Src/main.c:407:13:MX_DCMI_Init	8	static
../Core/Src/main.c:444:13:MX_DMA2D_Init	8	static
../Core/Src/main.c:481:13:MX_ETH_Init	8	static
../Core/Src/main.c:530:13:MX_I2C1_Init	8	static
../Core/Src/main.c:578:13:MX_I2C3_Init	8	static
../Core/Src/main.c:626:13:MX_LTDC_Init	64	static
../Core/Src/main.c:688:13:MX_QUADSPI_Init	8	static
../Core/Src/main.c:723:13:MX_RTC_Init	72	static
../Core/Src/main.c:819:13:MX_SAI2_Init	8	static
../Core/Src/main.c:894:13:MX_SDMMC1_SD_Init	4	static
../Core/Src/main.c:922:13:MX_SPDIFRX_Init	8	static
../Core/Src/main.c:958:13:MX_TIM1_Init	112	static
../Core/Src/main.c:1038:13:MX_TIM2_Init	64	static
../Core/Src/main.c:1097:13:MX_TIM3_Init	64	static
../Core/Src/main.c:1156:13:MX_TIM5_Init	64	static
../Core/Src/main.c:1215:13:MX_TIM6_Init	24	static
../Core/Src/main.c:1253:13:MX_TIM8_Init	40	static
../Core/Src/main.c:1300:13:MX_TIM12_Init	40	static
../Core/Src/main.c:1342:13:MX_USART1_UART_Init	8	static
../Core/Src/main.c:1377:13:MX_USART6_UART_Init	8	static
../Core/Src/main.c:1408:13:MX_FMC_Init	40	static
../Core/Src/main.c:1459:13:MX_GPIO_Init	72	static
../Core/Src/main.c:1632:6:HAL_GPIO_EXTI_Callback	24	static
../Core/Src/main.c:1663:6:HAL_TIM_PeriodElapsedCallback	16	static
../Core/Src/main.c:1675:6:Error_Handler	4	static,ignoring_inline_asm
