../Core/Src/main.c:156:5:main	16	static
../Core/Src/main.c:265:6:SystemClock_Config	88	static
../Core/Src/main.c:322:6:PeriphCommonClock_Config	144	static
../Core/Src/main.c:350:13:MX_ADC3_Init	24	static
../Core/Src/main.c:402:13:MX_CRC_Init	8	static
../Core/Src/main.c:433:13:MX_DCMI_Init	8	static
../Core/Src/main.c:470:13:MX_DMA2D_Init	8	static
../Core/Src/main.c:507:13:MX_ETH_Init	8	static
../Core/Src/main.c:556:13:MX_I2C1_Init	8	static
../Core/Src/main.c:604:13:MX_I2C3_Init	8	static
../Core/Src/main.c:652:13:MX_LTDC_Init	64	static
../Core/Src/main.c:714:13:MX_QUADSPI_Init	8	static
../Core/Src/main.c:749:13:MX_RTC_Init	72	static
../Core/Src/main.c:845:13:MX_SAI2_Init	8	static
../Core/Src/main.c:920:13:MX_SDMMC1_SD_Init	4	static
../Core/Src/main.c:948:13:MX_SPDIFRX_Init	8	static
../Core/Src/main.c:984:13:MX_TIM1_Init	112	static
../Core/Src/main.c:1064:13:MX_TIM2_Init	64	static
../Core/Src/main.c:1123:13:MX_TIM3_Init	64	static
../Core/Src/main.c:1182:13:MX_TIM5_Init	64	static
../Core/Src/main.c:1241:13:MX_TIM6_Init	24	static
../Core/Src/main.c:1279:13:MX_TIM8_Init	40	static
../Core/Src/main.c:1326:13:MX_TIM12_Init	40	static
../Core/Src/main.c:1368:13:MX_USART1_UART_Init	8	static
../Core/Src/main.c:1403:13:MX_USART6_UART_Init	8	static
../Core/Src/main.c:1434:13:MX_FMC_Init	40	static
../Core/Src/main.c:1485:13:MX_GPIO_Init	72	static
../Core/Src/main.c:1654:6:HAL_TIM_PeriodElapsedCallback	24	static
../Core/Src/main.c:1686:6:Error_Handler	4	static,ignoring_inline_asm
