../Core/Src/stm32f7xx_hal_msp.c:65:6:HAL_MspInit	16	static
../Core/Src/stm32f7xx_hal_msp.c:87:6:HAL_ADC_MspInit	48	static
../Core/Src/stm32f7xx_hal_msp.c:132:6:HAL_ADC_MspDeInit	16	static
../Core/Src/stm32f7xx_hal_msp.c:168:6:HAL_CRC_MspInit	24	static
../Core/Src/stm32f7xx_hal_msp.c:190:6:HAL_CRC_MspDeInit	16	static
../Core/Src/stm32f7xx_hal_msp.c:212:6:HAL_DCMI_MspInit	64	static
../Core/Src/stm32f7xx_hal_msp.c:290:6:HAL_DCMI_MspDeInit	16	static
../Core/Src/stm32f7xx_hal_msp.c:337:6:HAL_DMA2D_MspInit	24	static
../Core/Src/stm32f7xx_hal_msp.c:362:6:HAL_DMA2D_MspDeInit	16	static
../Core/Src/stm32f7xx_hal_msp.c:387:6:HAL_ETH_MspInit	64	static
../Core/Src/stm32f7xx_hal_msp.c:446:6:HAL_ETH_MspDeInit	16	static
../Core/Src/stm32f7xx_hal_msp.c:486:6:HAL_I2C_MspInit	184	static
../Core/Src/stm32f7xx_hal_msp.c:565:6:HAL_I2C_MspDeInit	16	static
../Core/Src/stm32f7xx_hal_msp.c:616:6:HAL_LTDC_MspInit	64	static
../Core/Src/stm32f7xx_hal_msp.c:717:6:HAL_LTDC_MspDeInit	16	static
../Core/Src/stm32f7xx_hal_msp.c:786:6:HAL_QSPI_MspInit	56	static
../Core/Src/stm32f7xx_hal_msp.c:849:6:HAL_QSPI_MspDeInit	16	static
../Core/Src/stm32f7xx_hal_msp.c:886:6:HAL_RTC_MspInit	152	static
../Core/Src/stm32f7xx_hal_msp.c:919:6:HAL_RTC_MspDeInit	16	static
../Core/Src/stm32f7xx_hal_msp.c:941:6:HAL_SD_MspInit	48	static
../Core/Src/stm32f7xx_hal_msp.c:990:6:HAL_SD_MspDeInit	16	static
../Core/Src/stm32f7xx_hal_msp.c:1026:6:HAL_SPDIFRX_MspInit	176	static
../Core/Src/stm32f7xx_hal_msp.c:1076:6:HAL_SPDIFRX_MspDeInit	16	static
../Core/Src/stm32f7xx_hal_msp.c:1104:6:HAL_TIM_Base_MspInit	40	static
../Core/Src/stm32f7xx_hal_msp.c:1184:6:HAL_TIM_PWM_MspInit	24	static
../Core/Src/stm32f7xx_hal_msp.c:1200:6:HAL_TIM_MspPostInit	56	static
../Core/Src/stm32f7xx_hal_msp.c:1315:6:HAL_TIM_Base_MspDeInit	16	static
../Core/Src/stm32f7xx_hal_msp.c:1395:6:HAL_TIM_PWM_MspDeInit	16	static
../Core/Src/stm32f7xx_hal_msp.c:1417:6:HAL_UART_MspInit	192	static
../Core/Src/stm32f7xx_hal_msp.c:1506:6:HAL_UART_MspDeInit	16	static
../Core/Src/stm32f7xx_hal_msp.c:1551:13:HAL_FMC_MspInit	32	static
../Core/Src/stm32f7xx_hal_msp.c:1657:6:HAL_SDRAM_MspInit	16	static
../Core/Src/stm32f7xx_hal_msp.c:1669:13:HAL_FMC_MspDeInit	8	static
../Core/Src/stm32f7xx_hal_msp.c:1743:6:HAL_SDRAM_MspDeInit	16	static
../Core/Src/stm32f7xx_hal_msp.c:1755:6:HAL_SAI_MspInit	48	static
../Core/Src/stm32f7xx_hal_msp.c:1805:6:HAL_SAI_MspDeInit	16	static
